------------------------------------------------------------
Timing Analyzer Summary
------------------------------------------------------------

Type  : Slow 1200mV 85C Model Setup 'Clock_Divider:inst|inst45'
Slack : -3.808
TNS   : -5.655

Type  : Slow 1200mV 85C Model Setup 'Timer:inst8|inst'
Slack : -1.341
TNS   : -3.767

Type  : Slow 1200mV 85C Model Setup 'Clock_Divider:inst|inst3'
Slack : -0.705
TNS   : -0.705

Type  : Slow 1200mV 85C Model Setup 'Clock_Divider:inst|inst33'
Slack : -0.630
TNS   : -0.630

Type  : Slow 1200mV 85C Model Setup 'Clock_Divider:inst|inst7'
Slack : -0.626
TNS   : -0.626

Type  : Slow 1200mV 85C Model Setup 'Clock_Divider:inst|inst37'
Slack : -0.604
TNS   : -0.604

Type  : Slow 1200mV 85C Model Setup 'Clock_Divider:inst|inst13'
Slack : -0.602
TNS   : -0.602

Type  : Slow 1200mV 85C Model Setup 'Clock_Divider:inst|inst17'
Slack : -0.602
TNS   : -0.602

Type  : Slow 1200mV 85C Model Setup 'Clock_Divider:inst|inst25'
Slack : -0.602
TNS   : -0.602

Type  : Slow 1200mV 85C Model Setup 'Clock_Divider:inst|inst41'
Slack : -0.602
TNS   : -0.602

Type  : Slow 1200mV 85C Model Setup 'Clock_Divider:inst|inst11'
Slack : -0.601
TNS   : -0.601

Type  : Slow 1200mV 85C Model Setup 'Clock_Divider:inst|inst15'
Slack : -0.584
TNS   : -0.584

Type  : Slow 1200mV 85C Model Setup 'Clock_Divider:inst|inst43'
Slack : -0.573
TNS   : -0.573

Type  : Slow 1200mV 85C Model Setup 'Clock_Signal'
Slack : -0.569
TNS   : -0.569

Type  : Slow 1200mV 85C Model Setup 'Clock_Divider:inst|inst29'
Slack : -0.556
TNS   : -0.556

Type  : Slow 1200mV 85C Model Setup 'Clock_Divider:inst|inst35'
Slack : -0.495
TNS   : -0.495

Type  : Slow 1200mV 85C Model Setup 'Clock_Divider:inst|inst9'
Slack : -0.495
TNS   : -0.495

Type  : Slow 1200mV 85C Model Setup 'Clock_Divider:inst|inst31'
Slack : -0.486
TNS   : -0.486

Type  : Slow 1200mV 85C Model Setup 'Clock_Divider:inst|inst23'
Slack : -0.465
TNS   : -0.465

Type  : Slow 1200mV 85C Model Setup 'Clock_Divider:inst|inst19'
Slack : -0.452
TNS   : -0.452

Type  : Slow 1200mV 85C Model Setup 'Clock_Divider:inst|inst27'
Slack : -0.449
TNS   : -0.449

Type  : Slow 1200mV 85C Model Setup 'Clock_Divider:inst|inst1'
Slack : -0.442
TNS   : -0.442

Type  : Slow 1200mV 85C Model Setup 'Clock_Divider:inst|inst5'
Slack : -0.442
TNS   : -0.442

Type  : Slow 1200mV 85C Model Setup 'Clock_Divider:inst|inst21'
Slack : -0.425
TNS   : -0.425

Type  : Slow 1200mV 85C Model Setup 'Clock_Divider:inst|inst39'
Slack : -0.419
TNS   : -0.419

Type  : Slow 1200mV 85C Model Setup 'Clock_Divider:inst|inst47'
Slack : -0.372
TNS   : -0.372

Type  : Slow 1200mV 85C Model Hold 'Timer:inst8|inst'
Slack : 0.327
TNS   : 0.000

Type  : Slow 1200mV 85C Model Hold 'Clock_Divider:inst|inst45'
Slack : 0.341
TNS   : 0.000

Type  : Slow 1200mV 85C Model Hold 'Clock_Divider:inst|inst39'
Slack : 0.423
TNS   : 0.000

Type  : Slow 1200mV 85C Model Hold 'Clock_Divider:inst|inst1'
Slack : 0.440
TNS   : 0.000

Type  : Slow 1200mV 85C Model Hold 'Clock_Divider:inst|inst27'
Slack : 0.446
TNS   : 0.000

Type  : Slow 1200mV 85C Model Hold 'Clock_Divider:inst|inst23'
Slack : 0.457
TNS   : 0.000

Type  : Slow 1200mV 85C Model Hold 'Clock_Divider:inst|inst5'
Slack : 0.475
TNS   : 0.000

Type  : Slow 1200mV 85C Model Hold 'Clock_Divider:inst|inst47'
Slack : 0.487
TNS   : 0.000

Type  : Slow 1200mV 85C Model Hold 'Clock_Divider:inst|inst35'
Slack : 0.498
TNS   : 0.000

Type  : Slow 1200mV 85C Model Hold 'Clock_Divider:inst|inst9'
Slack : 0.498
TNS   : 0.000

Type  : Slow 1200mV 85C Model Hold 'Clock_Signal'
Slack : 0.502
TNS   : 0.000

Type  : Slow 1200mV 85C Model Hold 'Clock_Divider:inst|inst15'
Slack : 0.511
TNS   : 0.000

Type  : Slow 1200mV 85C Model Hold 'Clock_Divider:inst|inst43'
Slack : 0.512
TNS   : 0.000

Type  : Slow 1200mV 85C Model Hold 'Clock_Divider:inst|inst31'
Slack : 0.524
TNS   : 0.000

Type  : Slow 1200mV 85C Model Hold 'Clock_Divider:inst|inst21'
Slack : 0.572
TNS   : 0.000

Type  : Slow 1200mV 85C Model Hold 'Clock_Divider:inst|inst19'
Slack : 0.582
TNS   : 0.000

Type  : Slow 1200mV 85C Model Hold 'Clock_Divider:inst|inst11'
Slack : 0.598
TNS   : 0.000

Type  : Slow 1200mV 85C Model Hold 'Clock_Divider:inst|inst13'
Slack : 0.598
TNS   : 0.000

Type  : Slow 1200mV 85C Model Hold 'Clock_Divider:inst|inst17'
Slack : 0.598
TNS   : 0.000

Type  : Slow 1200mV 85C Model Hold 'Clock_Divider:inst|inst41'
Slack : 0.598
TNS   : 0.000

Type  : Slow 1200mV 85C Model Hold 'Clock_Divider:inst|inst25'
Slack : 0.599
TNS   : 0.000

Type  : Slow 1200mV 85C Model Hold 'Clock_Divider:inst|inst37'
Slack : 0.600
TNS   : 0.000

Type  : Slow 1200mV 85C Model Hold 'Clock_Divider:inst|inst3'
Slack : 0.610
TNS   : 0.000

Type  : Slow 1200mV 85C Model Hold 'Clock_Divider:inst|inst7'
Slack : 0.629
TNS   : 0.000

Type  : Slow 1200mV 85C Model Hold 'Clock_Divider:inst|inst33'
Slack : 0.634
TNS   : 0.000

Type  : Slow 1200mV 85C Model Hold 'Clock_Divider:inst|inst29'
Slack : 0.645
TNS   : 0.000

Type  : Slow 1200mV 85C Model Recovery 'Clock_Divider:inst|inst45'
Slack : -2.194
TNS   : -6.447

Type  : Slow 1200mV 85C Model Removal 'Clock_Divider:inst|inst45'
Slack : 2.199
TNS   : 0.000

Type  : Slow 1200mV 85C Model Minimum Pulse Width 'Clock_Signal'
Slack : -3.000
TNS   : -4.403

Type  : Slow 1200mV 85C Model Minimum Pulse Width 'Clock_Divider:inst|inst45'
Slack : -1.403
TNS   : -8.418

Type  : Slow 1200mV 85C Model Minimum Pulse Width 'Timer:inst8|inst'
Slack : -1.403
TNS   : -4.209

Type  : Slow 1200mV 85C Model Minimum Pulse Width 'Clock_Divider:inst|inst1'
Slack : -1.403
TNS   : -1.403

Type  : Slow 1200mV 85C Model Minimum Pulse Width 'Clock_Divider:inst|inst11'
Slack : -1.403
TNS   : -1.403

Type  : Slow 1200mV 85C Model Minimum Pulse Width 'Clock_Divider:inst|inst13'
Slack : -1.403
TNS   : -1.403

Type  : Slow 1200mV 85C Model Minimum Pulse Width 'Clock_Divider:inst|inst15'
Slack : -1.403
TNS   : -1.403

Type  : Slow 1200mV 85C Model Minimum Pulse Width 'Clock_Divider:inst|inst17'
Slack : -1.403
TNS   : -1.403

Type  : Slow 1200mV 85C Model Minimum Pulse Width 'Clock_Divider:inst|inst19'
Slack : -1.403
TNS   : -1.403

Type  : Slow 1200mV 85C Model Minimum Pulse Width 'Clock_Divider:inst|inst21'
Slack : -1.403
TNS   : -1.403

Type  : Slow 1200mV 85C Model Minimum Pulse Width 'Clock_Divider:inst|inst23'
Slack : -1.403
TNS   : -1.403

Type  : Slow 1200mV 85C Model Minimum Pulse Width 'Clock_Divider:inst|inst25'
Slack : -1.403
TNS   : -1.403

Type  : Slow 1200mV 85C Model Minimum Pulse Width 'Clock_Divider:inst|inst27'
Slack : -1.403
TNS   : -1.403

Type  : Slow 1200mV 85C Model Minimum Pulse Width 'Clock_Divider:inst|inst29'
Slack : -1.403
TNS   : -1.403

Type  : Slow 1200mV 85C Model Minimum Pulse Width 'Clock_Divider:inst|inst3'
Slack : -1.403
TNS   : -1.403

Type  : Slow 1200mV 85C Model Minimum Pulse Width 'Clock_Divider:inst|inst31'
Slack : -1.403
TNS   : -1.403

Type  : Slow 1200mV 85C Model Minimum Pulse Width 'Clock_Divider:inst|inst33'
Slack : -1.403
TNS   : -1.403

Type  : Slow 1200mV 85C Model Minimum Pulse Width 'Clock_Divider:inst|inst35'
Slack : -1.403
TNS   : -1.403

Type  : Slow 1200mV 85C Model Minimum Pulse Width 'Clock_Divider:inst|inst37'
Slack : -1.403
TNS   : -1.403

Type  : Slow 1200mV 85C Model Minimum Pulse Width 'Clock_Divider:inst|inst39'
Slack : -1.403
TNS   : -1.403

Type  : Slow 1200mV 85C Model Minimum Pulse Width 'Clock_Divider:inst|inst41'
Slack : -1.403
TNS   : -1.403

Type  : Slow 1200mV 85C Model Minimum Pulse Width 'Clock_Divider:inst|inst43'
Slack : -1.403
TNS   : -1.403

Type  : Slow 1200mV 85C Model Minimum Pulse Width 'Clock_Divider:inst|inst47'
Slack : -1.403
TNS   : -1.403

Type  : Slow 1200mV 85C Model Minimum Pulse Width 'Clock_Divider:inst|inst5'
Slack : -1.403
TNS   : -1.403

Type  : Slow 1200mV 85C Model Minimum Pulse Width 'Clock_Divider:inst|inst7'
Slack : -1.403
TNS   : -1.403

Type  : Slow 1200mV 85C Model Minimum Pulse Width 'Clock_Divider:inst|inst9'
Slack : -1.403
TNS   : -1.403

Type  : Slow 1200mV 0C Model Setup 'Clock_Divider:inst|inst45'
Slack : -3.494
TNS   : -5.068

Type  : Slow 1200mV 0C Model Setup 'Timer:inst8|inst'
Slack : -1.115
TNS   : -3.141

Type  : Slow 1200mV 0C Model Setup 'Clock_Divider:inst|inst3'
Slack : -0.589
TNS   : -0.589

Type  : Slow 1200mV 0C Model Setup 'Clock_Divider:inst|inst33'
Slack : -0.543
TNS   : -0.543

Type  : Slow 1200mV 0C Model Setup 'Clock_Divider:inst|inst7'
Slack : -0.538
TNS   : -0.538

Type  : Slow 1200mV 0C Model Setup 'Clock_Divider:inst|inst37'
Slack : -0.518
TNS   : -0.518

Type  : Slow 1200mV 0C Model Setup 'Clock_Divider:inst|inst25'
Slack : -0.517
TNS   : -0.517

Type  : Slow 1200mV 0C Model Setup 'Clock_Divider:inst|inst41'
Slack : -0.516
TNS   : -0.516

Type  : Slow 1200mV 0C Model Setup 'Clock_Divider:inst|inst11'
Slack : -0.515
TNS   : -0.515

Type  : Slow 1200mV 0C Model Setup 'Clock_Divider:inst|inst13'
Slack : -0.515
TNS   : -0.515

Type  : Slow 1200mV 0C Model Setup 'Clock_Divider:inst|inst17'
Slack : -0.515
TNS   : -0.515

Type  : Slow 1200mV 0C Model Setup 'Clock_Divider:inst|inst15'
Slack : -0.471
TNS   : -0.471

Type  : Slow 1200mV 0C Model Setup 'Clock_Divider:inst|inst43'
Slack : -0.467
TNS   : -0.467

Type  : Slow 1200mV 0C Model Setup 'Clock_Divider:inst|inst29'
Slack : -0.465
TNS   : -0.465

Type  : Slow 1200mV 0C Model Setup 'Clock_Signal'
Slack : -0.420
TNS   : -0.420

Type  : Slow 1200mV 0C Model Setup 'Clock_Divider:inst|inst35'
Slack : -0.409
TNS   : -0.409

Type  : Slow 1200mV 0C Model Setup 'Clock_Divider:inst|inst9'
Slack : -0.409
TNS   : -0.409

Type  : Slow 1200mV 0C Model Setup 'Clock_Divider:inst|inst31'
Slack : -0.385
TNS   : -0.385

Type  : Slow 1200mV 0C Model Setup 'Clock_Divider:inst|inst23'
Slack : -0.383
TNS   : -0.383

Type  : Slow 1200mV 0C Model Setup 'Clock_Divider:inst|inst27'
Slack : -0.369
TNS   : -0.369

Type  : Slow 1200mV 0C Model Setup 'Clock_Divider:inst|inst5'
Slack : -0.369
TNS   : -0.369

Type  : Slow 1200mV 0C Model Setup 'Clock_Divider:inst|inst1'
Slack : -0.363
TNS   : -0.363

Type  : Slow 1200mV 0C Model Setup 'Clock_Divider:inst|inst19'
Slack : -0.347
TNS   : -0.347

Type  : Slow 1200mV 0C Model Setup 'Clock_Divider:inst|inst21'
Slack : -0.331
TNS   : -0.331

Type  : Slow 1200mV 0C Model Setup 'Clock_Divider:inst|inst39'
Slack : -0.323
TNS   : -0.323

Type  : Slow 1200mV 0C Model Setup 'Clock_Divider:inst|inst47'
Slack : -0.302
TNS   : -0.302

Type  : Slow 1200mV 0C Model Hold 'Timer:inst8|inst'
Slack : 0.303
TNS   : 0.000

Type  : Slow 1200mV 0C Model Hold 'Clock_Divider:inst|inst45'
Slack : 0.306
TNS   : 0.000

Type  : Slow 1200mV 0C Model Hold 'Clock_Divider:inst|inst39'
Slack : 0.367
TNS   : 0.000

Type  : Slow 1200mV 0C Model Hold 'Clock_Signal'
Slack : 0.387
TNS   : 0.000

Type  : Slow 1200mV 0C Model Hold 'Clock_Divider:inst|inst1'
Slack : 0.396
TNS   : 0.000

Type  : Slow 1200mV 0C Model Hold 'Clock_Divider:inst|inst27'
Slack : 0.402
TNS   : 0.000

Type  : Slow 1200mV 0C Model Hold 'Clock_Divider:inst|inst23'
Slack : 0.403
TNS   : 0.000

Type  : Slow 1200mV 0C Model Hold 'Clock_Divider:inst|inst5'
Slack : 0.414
TNS   : 0.000

Type  : Slow 1200mV 0C Model Hold 'Clock_Divider:inst|inst35'
Slack : 0.445
TNS   : 0.000

Type  : Slow 1200mV 0C Model Hold 'Clock_Divider:inst|inst9'
Slack : 0.445
TNS   : 0.000

Type  : Slow 1200mV 0C Model Hold 'Clock_Divider:inst|inst43'
Slack : 0.446
TNS   : 0.000

Type  : Slow 1200mV 0C Model Hold 'Clock_Divider:inst|inst15'
Slack : 0.448
TNS   : 0.000

Type  : Slow 1200mV 0C Model Hold 'Clock_Divider:inst|inst47'
Slack : 0.450
TNS   : 0.000

Type  : Slow 1200mV 0C Model Hold 'Clock_Divider:inst|inst31'
Slack : 0.451
TNS   : 0.000

Type  : Slow 1200mV 0C Model Hold 'Clock_Divider:inst|inst19'
Slack : 0.506
TNS   : 0.000

Type  : Slow 1200mV 0C Model Hold 'Clock_Divider:inst|inst3'
Slack : 0.520
TNS   : 0.000

Type  : Slow 1200mV 0C Model Hold 'Clock_Divider:inst|inst21'
Slack : 0.522
TNS   : 0.000

Type  : Slow 1200mV 0C Model Hold 'Clock_Divider:inst|inst11'
Slack : 0.544
TNS   : 0.000

Type  : Slow 1200mV 0C Model Hold 'Clock_Divider:inst|inst13'
Slack : 0.545
TNS   : 0.000

Type  : Slow 1200mV 0C Model Hold 'Clock_Divider:inst|inst17'
Slack : 0.545
TNS   : 0.000

Type  : Slow 1200mV 0C Model Hold 'Clock_Divider:inst|inst41'
Slack : 0.545
TNS   : 0.000

Type  : Slow 1200mV 0C Model Hold 'Clock_Divider:inst|inst25'
Slack : 0.546
TNS   : 0.000

Type  : Slow 1200mV 0C Model Hold 'Clock_Divider:inst|inst37'
Slack : 0.546
TNS   : 0.000

Type  : Slow 1200mV 0C Model Hold 'Clock_Divider:inst|inst7'
Slack : 0.577
TNS   : 0.000

Type  : Slow 1200mV 0C Model Hold 'Clock_Divider:inst|inst33'
Slack : 0.582
TNS   : 0.000

Type  : Slow 1200mV 0C Model Hold 'Clock_Divider:inst|inst29'
Slack : 0.586
TNS   : 0.000

Type  : Slow 1200mV 0C Model Recovery 'Clock_Divider:inst|inst45'
Slack : -1.911
TNS   : -5.624

Type  : Slow 1200mV 0C Model Removal 'Clock_Divider:inst|inst45'
Slack : 2.024
TNS   : 0.000

Type  : Slow 1200mV 0C Model Minimum Pulse Width 'Clock_Signal'
Slack : -3.000
TNS   : -4.403

Type  : Slow 1200mV 0C Model Minimum Pulse Width 'Clock_Divider:inst|inst45'
Slack : -1.403
TNS   : -8.418

Type  : Slow 1200mV 0C Model Minimum Pulse Width 'Timer:inst8|inst'
Slack : -1.403
TNS   : -4.209

Type  : Slow 1200mV 0C Model Minimum Pulse Width 'Clock_Divider:inst|inst1'
Slack : -1.403
TNS   : -1.403

Type  : Slow 1200mV 0C Model Minimum Pulse Width 'Clock_Divider:inst|inst11'
Slack : -1.403
TNS   : -1.403

Type  : Slow 1200mV 0C Model Minimum Pulse Width 'Clock_Divider:inst|inst13'
Slack : -1.403
TNS   : -1.403

Type  : Slow 1200mV 0C Model Minimum Pulse Width 'Clock_Divider:inst|inst15'
Slack : -1.403
TNS   : -1.403

Type  : Slow 1200mV 0C Model Minimum Pulse Width 'Clock_Divider:inst|inst17'
Slack : -1.403
TNS   : -1.403

Type  : Slow 1200mV 0C Model Minimum Pulse Width 'Clock_Divider:inst|inst19'
Slack : -1.403
TNS   : -1.403

Type  : Slow 1200mV 0C Model Minimum Pulse Width 'Clock_Divider:inst|inst21'
Slack : -1.403
TNS   : -1.403

Type  : Slow 1200mV 0C Model Minimum Pulse Width 'Clock_Divider:inst|inst23'
Slack : -1.403
TNS   : -1.403

Type  : Slow 1200mV 0C Model Minimum Pulse Width 'Clock_Divider:inst|inst25'
Slack : -1.403
TNS   : -1.403

Type  : Slow 1200mV 0C Model Minimum Pulse Width 'Clock_Divider:inst|inst27'
Slack : -1.403
TNS   : -1.403

Type  : Slow 1200mV 0C Model Minimum Pulse Width 'Clock_Divider:inst|inst29'
Slack : -1.403
TNS   : -1.403

Type  : Slow 1200mV 0C Model Minimum Pulse Width 'Clock_Divider:inst|inst3'
Slack : -1.403
TNS   : -1.403

Type  : Slow 1200mV 0C Model Minimum Pulse Width 'Clock_Divider:inst|inst31'
Slack : -1.403
TNS   : -1.403

Type  : Slow 1200mV 0C Model Minimum Pulse Width 'Clock_Divider:inst|inst33'
Slack : -1.403
TNS   : -1.403

Type  : Slow 1200mV 0C Model Minimum Pulse Width 'Clock_Divider:inst|inst35'
Slack : -1.403
TNS   : -1.403

Type  : Slow 1200mV 0C Model Minimum Pulse Width 'Clock_Divider:inst|inst37'
Slack : -1.403
TNS   : -1.403

Type  : Slow 1200mV 0C Model Minimum Pulse Width 'Clock_Divider:inst|inst39'
Slack : -1.403
TNS   : -1.403

Type  : Slow 1200mV 0C Model Minimum Pulse Width 'Clock_Divider:inst|inst41'
Slack : -1.403
TNS   : -1.403

Type  : Slow 1200mV 0C Model Minimum Pulse Width 'Clock_Divider:inst|inst43'
Slack : -1.403
TNS   : -1.403

Type  : Slow 1200mV 0C Model Minimum Pulse Width 'Clock_Divider:inst|inst47'
Slack : -1.403
TNS   : -1.403

Type  : Slow 1200mV 0C Model Minimum Pulse Width 'Clock_Divider:inst|inst5'
Slack : -1.403
TNS   : -1.403

Type  : Slow 1200mV 0C Model Minimum Pulse Width 'Clock_Divider:inst|inst7'
Slack : -1.403
TNS   : -1.403

Type  : Slow 1200mV 0C Model Minimum Pulse Width 'Clock_Divider:inst|inst9'
Slack : -1.403
TNS   : -1.403

Type  : Fast 1200mV 0C Model Setup 'Clock_Divider:inst|inst45'
Slack : -1.082
TNS   : -1.126

Type  : Fast 1200mV 0C Model Setup 'Clock_Signal'
Slack : -0.138
TNS   : -0.138

Type  : Fast 1200mV 0C Model Setup 'Timer:inst8|inst'
Slack : 0.006
TNS   : 0.000

Type  : Fast 1200mV 0C Model Setup 'Clock_Divider:inst|inst3'
Slack : 0.044
TNS   : 0.000

Type  : Fast 1200mV 0C Model Setup 'Clock_Divider:inst|inst15'
Slack : 0.069
TNS   : 0.000

Type  : Fast 1200mV 0C Model Setup 'Clock_Divider:inst|inst33'
Slack : 0.071
TNS   : 0.000

Type  : Fast 1200mV 0C Model Setup 'Clock_Divider:inst|inst7'
Slack : 0.076
TNS   : 0.000

Type  : Fast 1200mV 0C Model Setup 'Clock_Divider:inst|inst37'
Slack : 0.083
TNS   : 0.000

Type  : Fast 1200mV 0C Model Setup 'Clock_Divider:inst|inst43'
Slack : 0.084
TNS   : 0.000

Type  : Fast 1200mV 0C Model Setup 'Clock_Divider:inst|inst11'
Slack : 0.085
TNS   : 0.000

Type  : Fast 1200mV 0C Model Setup 'Clock_Divider:inst|inst13'
Slack : 0.086
TNS   : 0.000

Type  : Fast 1200mV 0C Model Setup 'Clock_Divider:inst|inst17'
Slack : 0.086
TNS   : 0.000

Type  : Fast 1200mV 0C Model Setup 'Clock_Divider:inst|inst25'
Slack : 0.086
TNS   : 0.000

Type  : Fast 1200mV 0C Model Setup 'Clock_Divider:inst|inst41'
Slack : 0.086
TNS   : 0.000

Type  : Fast 1200mV 0C Model Setup 'Clock_Divider:inst|inst29'
Slack : 0.091
TNS   : 0.000

Type  : Fast 1200mV 0C Model Setup 'Clock_Divider:inst|inst19'
Slack : 0.119
TNS   : 0.000

Type  : Fast 1200mV 0C Model Setup 'Clock_Divider:inst|inst35'
Slack : 0.127
TNS   : 0.000

Type  : Fast 1200mV 0C Model Setup 'Clock_Divider:inst|inst9'
Slack : 0.127
TNS   : 0.000

Type  : Fast 1200mV 0C Model Setup 'Clock_Divider:inst|inst31'
Slack : 0.132
TNS   : 0.000

Type  : Fast 1200mV 0C Model Setup 'Clock_Divider:inst|inst23'
Slack : 0.134
TNS   : 0.000

Type  : Fast 1200mV 0C Model Setup 'Clock_Divider:inst|inst1'
Slack : 0.144
TNS   : 0.000

Type  : Fast 1200mV 0C Model Setup 'Clock_Divider:inst|inst27'
Slack : 0.146
TNS   : 0.000

Type  : Fast 1200mV 0C Model Setup 'Clock_Divider:inst|inst39'
Slack : 0.147
TNS   : 0.000

Type  : Fast 1200mV 0C Model Setup 'Clock_Divider:inst|inst21'
Slack : 0.149
TNS   : 0.000

Type  : Fast 1200mV 0C Model Setup 'Clock_Divider:inst|inst5'
Slack : 0.158
TNS   : 0.000

Type  : Fast 1200mV 0C Model Setup 'Clock_Divider:inst|inst47'
Slack : 0.176
TNS   : 0.000

Type  : Fast 1200mV 0C Model Hold 'Clock_Divider:inst|inst45'
Slack : 0.070
TNS   : 0.000

Type  : Fast 1200mV 0C Model Hold 'Timer:inst8|inst'
Slack : 0.123
TNS   : 0.000

Type  : Fast 1200mV 0C Model Hold 'Clock_Divider:inst|inst39'
Slack : 0.150
TNS   : 0.000

Type  : Fast 1200mV 0C Model Hold 'Clock_Divider:inst|inst27'
Slack : 0.156
TNS   : 0.000

Type  : Fast 1200mV 0C Model Hold 'Clock_Divider:inst|inst1'
Slack : 0.157
TNS   : 0.000

Type  : Fast 1200mV 0C Model Hold 'Clock_Divider:inst|inst23'
Slack : 0.164
TNS   : 0.000

Type  : Fast 1200mV 0C Model Hold 'Clock_Divider:inst|inst5'
Slack : 0.171
TNS   : 0.000

Type  : Fast 1200mV 0C Model Hold 'Clock_Divider:inst|inst43'
Slack : 0.172
TNS   : 0.000

Type  : Fast 1200mV 0C Model Hold 'Clock_Divider:inst|inst35'
Slack : 0.174
TNS   : 0.000

Type  : Fast 1200mV 0C Model Hold 'Clock_Divider:inst|inst9'
Slack : 0.174
TNS   : 0.000

Type  : Fast 1200mV 0C Model Hold 'Clock_Divider:inst|inst47'
Slack : 0.178
TNS   : 0.000

Type  : Fast 1200mV 0C Model Hold 'Clock_Divider:inst|inst31'
Slack : 0.185
TNS   : 0.000

Type  : Fast 1200mV 0C Model Hold 'Clock_Divider:inst|inst15'
Slack : 0.197
TNS   : 0.000

Type  : Fast 1200mV 0C Model Hold 'Clock_Divider:inst|inst11'
Slack : 0.212
TNS   : 0.000

Type  : Fast 1200mV 0C Model Hold 'Clock_Divider:inst|inst25'
Slack : 0.212
TNS   : 0.000

Type  : Fast 1200mV 0C Model Hold 'Clock_Divider:inst|inst13'
Slack : 0.213
TNS   : 0.000

Type  : Fast 1200mV 0C Model Hold 'Clock_Divider:inst|inst17'
Slack : 0.213
TNS   : 0.000

Type  : Fast 1200mV 0C Model Hold 'Clock_Divider:inst|inst21'
Slack : 0.213
TNS   : 0.000

Type  : Fast 1200mV 0C Model Hold 'Clock_Divider:inst|inst41'
Slack : 0.213
TNS   : 0.000

Type  : Fast 1200mV 0C Model Hold 'Clock_Divider:inst|inst37'
Slack : 0.214
TNS   : 0.000

Type  : Fast 1200mV 0C Model Hold 'Clock_Divider:inst|inst7'
Slack : 0.224
TNS   : 0.000

Type  : Fast 1200mV 0C Model Hold 'Clock_Divider:inst|inst3'
Slack : 0.226
TNS   : 0.000

Type  : Fast 1200mV 0C Model Hold 'Clock_Divider:inst|inst33'
Slack : 0.228
TNS   : 0.000

Type  : Fast 1200mV 0C Model Hold 'Clock_Divider:inst|inst19'
Slack : 0.231
TNS   : 0.000

Type  : Fast 1200mV 0C Model Hold 'Clock_Divider:inst|inst29'
Slack : 0.231
TNS   : 0.000

Type  : Fast 1200mV 0C Model Hold 'Clock_Signal'
Slack : 0.386
TNS   : 0.000

Type  : Fast 1200mV 0C Model Recovery 'Clock_Divider:inst|inst45'
Slack : -0.368
TNS   : -1.038

Type  : Fast 1200mV 0C Model Removal 'Clock_Divider:inst|inst45'
Slack : 0.881
TNS   : 0.000

Type  : Fast 1200mV 0C Model Minimum Pulse Width 'Clock_Signal'
Slack : -3.000
TNS   : -4.177

Type  : Fast 1200mV 0C Model Minimum Pulse Width 'Clock_Divider:inst|inst45'
Slack : -1.000
TNS   : -6.000

Type  : Fast 1200mV 0C Model Minimum Pulse Width 'Timer:inst8|inst'
Slack : -1.000
TNS   : -3.000

Type  : Fast 1200mV 0C Model Minimum Pulse Width 'Clock_Divider:inst|inst1'
Slack : -1.000
TNS   : -1.000

Type  : Fast 1200mV 0C Model Minimum Pulse Width 'Clock_Divider:inst|inst11'
Slack : -1.000
TNS   : -1.000

Type  : Fast 1200mV 0C Model Minimum Pulse Width 'Clock_Divider:inst|inst13'
Slack : -1.000
TNS   : -1.000

Type  : Fast 1200mV 0C Model Minimum Pulse Width 'Clock_Divider:inst|inst15'
Slack : -1.000
TNS   : -1.000

Type  : Fast 1200mV 0C Model Minimum Pulse Width 'Clock_Divider:inst|inst17'
Slack : -1.000
TNS   : -1.000

Type  : Fast 1200mV 0C Model Minimum Pulse Width 'Clock_Divider:inst|inst19'
Slack : -1.000
TNS   : -1.000

Type  : Fast 1200mV 0C Model Minimum Pulse Width 'Clock_Divider:inst|inst21'
Slack : -1.000
TNS   : -1.000

Type  : Fast 1200mV 0C Model Minimum Pulse Width 'Clock_Divider:inst|inst23'
Slack : -1.000
TNS   : -1.000

Type  : Fast 1200mV 0C Model Minimum Pulse Width 'Clock_Divider:inst|inst25'
Slack : -1.000
TNS   : -1.000

Type  : Fast 1200mV 0C Model Minimum Pulse Width 'Clock_Divider:inst|inst27'
Slack : -1.000
TNS   : -1.000

Type  : Fast 1200mV 0C Model Minimum Pulse Width 'Clock_Divider:inst|inst29'
Slack : -1.000
TNS   : -1.000

Type  : Fast 1200mV 0C Model Minimum Pulse Width 'Clock_Divider:inst|inst3'
Slack : -1.000
TNS   : -1.000

Type  : Fast 1200mV 0C Model Minimum Pulse Width 'Clock_Divider:inst|inst31'
Slack : -1.000
TNS   : -1.000

Type  : Fast 1200mV 0C Model Minimum Pulse Width 'Clock_Divider:inst|inst33'
Slack : -1.000
TNS   : -1.000

Type  : Fast 1200mV 0C Model Minimum Pulse Width 'Clock_Divider:inst|inst35'
Slack : -1.000
TNS   : -1.000

Type  : Fast 1200mV 0C Model Minimum Pulse Width 'Clock_Divider:inst|inst37'
Slack : -1.000
TNS   : -1.000

Type  : Fast 1200mV 0C Model Minimum Pulse Width 'Clock_Divider:inst|inst39'
Slack : -1.000
TNS   : -1.000

Type  : Fast 1200mV 0C Model Minimum Pulse Width 'Clock_Divider:inst|inst41'
Slack : -1.000
TNS   : -1.000

Type  : Fast 1200mV 0C Model Minimum Pulse Width 'Clock_Divider:inst|inst43'
Slack : -1.000
TNS   : -1.000

Type  : Fast 1200mV 0C Model Minimum Pulse Width 'Clock_Divider:inst|inst47'
Slack : -1.000
TNS   : -1.000

Type  : Fast 1200mV 0C Model Minimum Pulse Width 'Clock_Divider:inst|inst5'
Slack : -1.000
TNS   : -1.000

Type  : Fast 1200mV 0C Model Minimum Pulse Width 'Clock_Divider:inst|inst7'
Slack : -1.000
TNS   : -1.000

Type  : Fast 1200mV 0C Model Minimum Pulse Width 'Clock_Divider:inst|inst9'
Slack : -1.000
TNS   : -1.000

------------------------------------------------------------
